// Jest Snapshot v1, https://goo.gl/fbAQLP

exports[`Pruebas con CounterAPP Deberia mostrar counterapp correctamente con un snapshoot 1`] = `
<Fragment>
  <h1>
    CounterApp
  </h1>
  <h2>
     
    0
     
  </h2>
  <h2>
     
    0
     
  </h2>
  <button
    onClick={[Function]}
  >
    +1
  </button>
  <button
    onClick={[Function]}
  >
    Reset
  </button>
  <button
    onClick={[Function]}
  >
    -1
  </button>
</Fragment>
`;
