// Jest Snapshot v1, https://goo.gl/fbAQLP

exports[`Pruebas en la primera app de React Deberia mostrar primerapp correctamente 1`] = `
<Fragment>
  <h1>
    Hola, soy Goku
  </h1>
  <p>
    Soy un subtitulo
  </p>
</Fragment>
`;
