// Jest Snapshot v1, https://goo.gl/fbAQLP

exports[`Pruebas en <RealExampleRef />> Deberia mostrarse correctamente 1`] = `
<Fragment>
  <h1>
    RealExampleRef
  </h1>
  <button
    className="btn btn-primary"
    onClick={[Function]}
  >
    Show/Hide
  </button>
  <hr />
</Fragment>
`;
