// Jest Snapshot v1, https://goo.gl/fbAQLP

exports[`Pruebas en el componente <GifGridItem />> Debe mostrar el componente correctamente  1`] = `
<div
  className="card animate__tada"
  id={123}
>
  <img
    alt="jei"
    src="http"
  />
  <p>
    jei
  </p>
</div>
`;
