// Jest Snapshot v1, https://goo.gl/fbAQLP

exports[`Pruebas en <HomeScreen />> Deberia mostrarse correctamente 1`] = `
Array [
  <h1>
    Home Screen
  </h1>,
  <hr />,
  <pre>
    {
   "name": "Mario",
   "email": "unemail@cualquiera.com"
}
  </pre>,
]
`;
