// Jest Snapshot v1, https://goo.gl/fbAQLP

exports[`Pruebas en GifExpertApp.js Deberia hacer match con snapshoot 1`] = `
<Fragment>
  <h2>
    GifExpertApp
  </h2>
  <AddCategory
    categories="Busca un gif"
    setCategories={[Function]}
  />
  <hr />
  <ol>
    <GifGrid
      category="Busca un gif"
      key="Busca un gif"
    />
  </ol>
</Fragment>
`;
