// Jest Snapshot v1, https://goo.gl/fbAQLP

exports[`Pruebas en <MultipleCustomHooks /> Deberia mostrarse correctamente 1`] = `
<div>
  <h1>
    BreakingBad's Quotes
  </h1>
  <hr />
  <div
    className="alert alert-info text-center"
  >
    Loading...
  </div>
  <hr />
  <div
    className="d-flex justify-content-between"
  >
    <button
      className="btn btn-primary"
      onClick={[Function]}
    >
      Last Quote
    </button>
    <button
      className="btn btn-primary ms-auto"
      onClick={[Function]}
    >
      Next Quote
    </button>
  </div>
</div>
`;
